Archive member included because of file (symbol)

/usr/lib/gcc/avr/4.4.2/avr4/libgcc.a(_udivmodhi4.o)
                              main.o (__udivmodhi4)
/usr/lib/gcc/avr/4.4.2/avr4/libgcc.a(_divmodhi4.o)
                              ds18x20.o (__divmodhi4)
/usr/lib/gcc/avr/4.4.2/avr4/libgcc.a(_exit.o)
                              /usr/lib/gcc/avr/4.4.2/../../../../avr/lib/avr4/crtm8.o (exit)
/usr/lib/gcc/avr/4.4.2/avr4/libgcc.a(_copy_data.o)
                              main.o (__do_copy_data)
/usr/lib/gcc/avr/4.4.2/avr4/libgcc.a(_clear_bss.o)
                              main.o (__do_clear_bss)
/usr/lib/gcc/avr/4.4.2/../../../../avr/lib/avr4/libc.a(itoa.o)
                              main.o (itoa)
/usr/lib/gcc/avr/4.4.2/../../../../avr/lib/avr4/libc.a(strrev.o)
                              /usr/lib/gcc/avr/4.4.2/../../../../avr/lib/avr4/libc.a(itoa.o) (strrev)

Allocating common symbols
Common symbol       size              file

gSensorIDs          0x28              main.o

Memory Configuration

Name             Origin             Length             Attributes
text             0x00000000         0x00002000         xr
data             0x00800060         0x0000ffa0         rw !x
eeprom           0x00810000         0x00010000         rw !x
*default*        0x00000000         0xffffffff

Linker script and memory map

LOAD /usr/lib/gcc/avr/4.4.2/../../../../avr/lib/avr4/crtm8.o
LOAD main.o
LOAD onewire.o
LOAD ds18x20.o
LOAD uart.o
LOAD crc8.o
LOAD /usr/lib/gcc/avr/4.4.2/../../../../avr/lib/avr4/libm.a
LOAD /usr/lib/gcc/avr/4.4.2/avr4/libgcc.a
LOAD /usr/lib/gcc/avr/4.4.2/../../../../avr/lib/avr4/libc.a
LOAD /usr/lib/gcc/avr/4.4.2/avr4/libgcc.a

.hash
 *(.hash)

.dynsym
 *(.dynsym)

.dynstr
 *(.dynstr)

.gnu.version
 *(.gnu.version)

.gnu.version_d
 *(.gnu.version_d)

.gnu.version_r
 *(.gnu.version_r)

.rel.init
 *(.rel.init)

.rela.init
 *(.rela.init)

.rel.text
 *(.rel.text)
 *(.rel.text.*)
 *(.rel.gnu.linkonce.t*)

.rela.text
 *(.rela.text)
 *(.rela.text.*)
 *(.rela.gnu.linkonce.t*)

.rel.fini
 *(.rel.fini)

.rela.fini
 *(.rela.fini)

.rel.rodata
 *(.rel.rodata)
 *(.rel.rodata.*)
 *(.rel.gnu.linkonce.r*)

.rela.rodata
 *(.rela.rodata)
 *(.rela.rodata.*)
 *(.rela.gnu.linkonce.r*)

.rel.data
 *(.rel.data)
 *(.rel.data.*)
 *(.rel.gnu.linkonce.d*)

.rela.data
 *(.rela.data)
 *(.rela.data.*)
 *(.rela.gnu.linkonce.d*)

.rel.ctors
 *(.rel.ctors)

.rela.ctors
 *(.rela.ctors)

.rel.dtors
 *(.rel.dtors)

.rela.dtors
 *(.rela.dtors)

.rel.got
 *(.rel.got)

.rela.got
 *(.rela.got)

.rel.bss
 *(.rel.bss)

.rela.bss
 *(.rela.bss)

.rel.plt
 *(.rel.plt)

.rela.plt
 *(.rela.plt)

.text           0x00000000     0x15de
 *(.vectors)
 .vectors       0x00000000       0x26 /usr/lib/gcc/avr/4.4.2/../../../../avr/lib/avr4/crtm8.o
                0x00000000                __vectors
                0x00000000                __vector_default
 *(.vectors)
 *(.progmem.gcc*)
 *(.progmem*)
 .progmem.data  0x00000026      0x3af main.o
 .progmem.data  0x000003d5      0x177 ds18x20.o
                0x0000054c                . = ALIGN (0x2)
                0x0000054c                __trampolines_start = .
 *(.trampolines)
 .trampolines   0x0000054c        0x0 linker stubs
 *(.trampolines*)
                0x0000054c                __trampolines_end = .
 *(.jumptables)
 *(.jumptables*)
 *(.lowtext)
 *(.lowtext*)
                0x0000054c                __ctors_start = .
 *(.ctors)
                0x0000054c                __ctors_end = .
                0x0000054c                __dtors_start = .
 *(.dtors)
                0x0000054c                __dtors_end = .
 SORT(*)(.ctors)
 SORT(*)(.dtors)
 *(.init0)
 .init0         0x0000054c        0x0 /usr/lib/gcc/avr/4.4.2/../../../../avr/lib/avr4/crtm8.o
                0x0000054c                __init
 *(.init0)
 *(.init1)
 *(.init1)
 *(.init2)
 .init2         0x0000054c        0xc /usr/lib/gcc/avr/4.4.2/../../../../avr/lib/avr4/crtm8.o
 *(.init2)
 *(.init3)
 *(.init3)
 *(.init4)
 .init4         0x00000558       0x16 /usr/lib/gcc/avr/4.4.2/avr4/libgcc.a(_copy_data.o)
                0x00000558                __do_copy_data
 .init4         0x0000056e       0x10 /usr/lib/gcc/avr/4.4.2/avr4/libgcc.a(_clear_bss.o)
                0x0000056e                __do_clear_bss
 *(.init4)
 *(.init5)
 *(.init5)
 *(.init6)
 *(.init6)
 *(.init7)
 *(.init7)
 *(.init8)
 *(.init8)
 *(.init9)
 .init9         0x0000057e        0x4 /usr/lib/gcc/avr/4.4.2/../../../../avr/lib/avr4/crtm8.o
 *(.init9)
 *(.text)
 .text          0x00000582        0x2 /usr/lib/gcc/avr/4.4.2/../../../../avr/lib/avr4/crtm8.o
                0x00000582                __vector_1
                0x00000582                __bad_interrupt
                0x00000582                __vector_6
                0x00000582                __vector_3
                0x00000582                __vector_13
                0x00000582                __vector_17
                0x00000582                __vector_7
                0x00000582                __vector_5
                0x00000582                __vector_4
                0x00000582                __vector_9
                0x00000582                __vector_2
                0x00000582                __vector_15
                0x00000582                __vector_8
                0x00000582                __vector_14
                0x00000582                __vector_10
                0x00000582                __vector_16
                0x00000582                __vector_18
 .text          0x00000584      0x4e0 main.o
                0x00000584                uart_put_temp
                0x00000666                search_sensors
                0x0000072a                main
 .text          0x00000a64      0x154 onewire.o
                0x00000a64                ow_input_pin_state
                0x00000a6a                ow_parasite_enable
                0x00000a70                ow_parasite_disable
                0x00000a76                ow_reset
                0x00000aa6                ow_bit_io
                0x00000ad2                ow_byte_wr
                0x00000af2                ow_byte_rd
                0x00000af8                ow_rom_search
                0x00000b84                ow_command
 .text          0x00000bb8      0x78a ds18x20.o
                0x00000bb8                DS18X20_meas_to_cel
                0x00000c4a                DS18X20_temp_to_decicel
                0x00000cd4                DS18X20_temp_cmp
                0x00000cfe                DS18X20_recall_E2
                0x00000d2c                DS18X20_start_meas
                0x00000d5e                DS18X20_copy_scratchpad
                0x00000d9e                DS18X20_read_scratchpad
                0x00000de4                DS18X20_write_scratchpad
                0x00000e2e                DS18X20_read_meas_single
                0x00000ed4                DS18X20_read_meas
                0x00000f80                DS18X20_get_power_status
                0x00000fa6                DS18X20_find_sensor
                0x00000fd8                show_sp_uart
                0x00001038                DS18X20_show_id_uart
                0x000010e4                DS18X20_uart_put_temp
                0x000011a2                DS18X20_read_meas_all_verbose
 .text          0x00001342      0x1a4 uart.o
                0x00001342                __vector_11
                0x0000139a                __vector_12
                0x000013e6                uart_init
                0x00001404                uart_getc
                0x0000143c                uart_putc
                0x0000145e                uart_puts
                0x00001476                uart_puts_p
                0x00001490                uart_puthex_nibble
                0x000014a0                uart_puthex_byte
                0x000014b2                uart_puti
 .text          0x000014e6       0x48 crc8.o
                0x000014e6                crc8
 .text          0x0000152e        0x0 /usr/lib/gcc/avr/4.4.2/avr4/libgcc.a(_udivmodhi4.o)
 .text          0x0000152e        0x0 /usr/lib/gcc/avr/4.4.2/avr4/libgcc.a(_divmodhi4.o)
 .text          0x0000152e        0x0 /usr/lib/gcc/avr/4.4.2/avr4/libgcc.a(_exit.o)
 .text          0x0000152e        0x0 /usr/lib/gcc/avr/4.4.2/avr4/libgcc.a(_copy_data.o)
 .text          0x0000152e        0x0 /usr/lib/gcc/avr/4.4.2/avr4/libgcc.a(_clear_bss.o)
 .text          0x0000152e        0x0 /usr/lib/gcc/avr/4.4.2/../../../../avr/lib/avr4/libc.a(itoa.o)
 .text          0x0000152e        0x0 /usr/lib/gcc/avr/4.4.2/../../../../avr/lib/avr4/libc.a(strrev.o)
                0x0000152e                . = ALIGN (0x2)
 *(.text.*)
 .text.libgcc   0x0000152e       0x28 /usr/lib/gcc/avr/4.4.2/avr4/libgcc.a(_udivmodhi4.o)
                0x0000152e                __udivmodhi4
 .text.libgcc   0x00001556       0x26 /usr/lib/gcc/avr/4.4.2/avr4/libgcc.a(_divmodhi4.o)
                0x00001556                __divmodhi4
                0x00001556                _div
 .text.libgcc   0x0000157c        0x0 /usr/lib/gcc/avr/4.4.2/avr4/libgcc.a(_exit.o)
 .text.libgcc   0x0000157c        0x0 /usr/lib/gcc/avr/4.4.2/avr4/libgcc.a(_copy_data.o)
 .text.libgcc   0x0000157c        0x0 /usr/lib/gcc/avr/4.4.2/avr4/libgcc.a(_clear_bss.o)
 .text.avr-libc
                0x0000157c       0x3e /usr/lib/gcc/avr/4.4.2/../../../../avr/lib/avr4/libc.a(itoa.o)
                0x0000157c                itoa
 .text.avr-libc
                0x000015ba       0x20 /usr/lib/gcc/avr/4.4.2/../../../../avr/lib/avr4/libc.a(strrev.o)
                0x000015ba                strrev
                0x000015da                . = ALIGN (0x2)
 *(.fini9)
 .fini9         0x000015da        0x0 /usr/lib/gcc/avr/4.4.2/avr4/libgcc.a(_exit.o)
                0x000015da                exit
                0x000015da                _exit
 *(.fini9)
 *(.fini8)
 *(.fini8)
 *(.fini7)
 *(.fini7)
 *(.fini6)
 *(.fini6)
 *(.fini5)
 *(.fini5)
 *(.fini4)
 *(.fini4)
 *(.fini3)
 *(.fini3)
 *(.fini2)
 *(.fini2)
 *(.fini1)
 *(.fini1)
 *(.fini0)
 .fini0         0x000015da        0x4 /usr/lib/gcc/avr/4.4.2/avr4/libgcc.a(_exit.o)
 *(.fini0)
                0x000015de                _etext = .

.data           0x00800060        0xa load address 0x000015de
                0x00800060                PROVIDE (__data_start, .)
 *(.data)
 .data          0x00800060        0x0 /usr/lib/gcc/avr/4.4.2/../../../../avr/lib/avr4/crtm8.o
 .data          0x00800060        0x0 main.o
 .data          0x00800060        0x0 onewire.o
 .data          0x00800060        0xa ds18x20.o
 .data          0x0080006a        0x0 uart.o
 .data          0x0080006a        0x0 crc8.o
 .data          0x0080006a        0x0 /usr/lib/gcc/avr/4.4.2/avr4/libgcc.a(_udivmodhi4.o)
 .data          0x0080006a        0x0 /usr/lib/gcc/avr/4.4.2/avr4/libgcc.a(_divmodhi4.o)
 .data          0x0080006a        0x0 /usr/lib/gcc/avr/4.4.2/avr4/libgcc.a(_exit.o)
 .data          0x0080006a        0x0 /usr/lib/gcc/avr/4.4.2/avr4/libgcc.a(_copy_data.o)
 .data          0x0080006a        0x0 /usr/lib/gcc/avr/4.4.2/avr4/libgcc.a(_clear_bss.o)
 .data          0x0080006a        0x0 /usr/lib/gcc/avr/4.4.2/../../../../avr/lib/avr4/libc.a(itoa.o)
 .data          0x0080006a        0x0 /usr/lib/gcc/avr/4.4.2/../../../../avr/lib/avr4/libc.a(strrev.o)
 *(.data*)
 *(.rodata)
 *(.rodata*)
 *(.gnu.linkonce.d*)
                0x0080006a                . = ALIGN (0x2)
                0x0080006a                _edata = .
                0x0080006a                PROVIDE (__data_end, .)

.bss            0x0080006a       0x6d
                0x0080006a                PROVIDE (__bss_start, .)
 *(.bss)
 .bss           0x0080006a        0x0 /usr/lib/gcc/avr/4.4.2/../../../../avr/lib/avr4/crtm8.o
 .bss           0x0080006a        0x0 main.o
 .bss           0x0080006a        0x0 onewire.o
 .bss           0x0080006a        0x0 ds18x20.o
 .bss           0x0080006a       0x45 uart.o
 .bss           0x008000af        0x0 crc8.o
 .bss           0x008000af        0x0 /usr/lib/gcc/avr/4.4.2/avr4/libgcc.a(_udivmodhi4.o)
 .bss           0x008000af        0x0 /usr/lib/gcc/avr/4.4.2/avr4/libgcc.a(_divmodhi4.o)
 .bss           0x008000af        0x0 /usr/lib/gcc/avr/4.4.2/avr4/libgcc.a(_exit.o)
 .bss           0x008000af        0x0 /usr/lib/gcc/avr/4.4.2/avr4/libgcc.a(_copy_data.o)
 .bss           0x008000af        0x0 /usr/lib/gcc/avr/4.4.2/avr4/libgcc.a(_clear_bss.o)
 .bss           0x008000af        0x0 /usr/lib/gcc/avr/4.4.2/../../../../avr/lib/avr4/libc.a(itoa.o)
 .bss           0x008000af        0x0 /usr/lib/gcc/avr/4.4.2/../../../../avr/lib/avr4/libc.a(strrev.o)
 *(.bss*)
 *(COMMON)
 COMMON         0x008000af       0x28 main.o
                0x008000af                gSensorIDs
                0x008000d7                PROVIDE (__bss_end, .)
                0x000015de                __data_load_start = LOADADDR (.data)
                0x000015e8                __data_load_end = (__data_load_start + SIZEOF (.data))

.noinit         0x008000d7        0x0
                0x008000d7                PROVIDE (__noinit_start, .)
 *(.noinit*)
                0x008000d7                PROVIDE (__noinit_end, .)
                0x008000d7                _end = .
                0x008000d7                PROVIDE (__heap_start, .)

.eeprom         0x00810000        0x0
 *(.eeprom*)
                0x00810000                __eeprom_end = .

.stab           0x00000000      0x93c
 *(.stab)
 .stab          0x00000000      0x6b4 /usr/lib/gcc/avr/4.4.2/../../../../avr/lib/avr4/crtm8.o
 .stab          0x000006b4      0x1b0 /usr/lib/gcc/avr/4.4.2/../../../../avr/lib/avr4/libc.a(itoa.o)
                                0x1bc (size before relaxing)
 .stab          0x00000864       0xd8 /usr/lib/gcc/avr/4.4.2/../../../../avr/lib/avr4/libc.a(strrev.o)
                                 0xe4 (size before relaxing)

.stabstr        0x00000000       0xb4
 *(.stabstr)
 .stabstr       0x00000000       0xb4 /usr/lib/gcc/avr/4.4.2/../../../../avr/lib/avr4/crtm8.o

.stab.excl
 *(.stab.excl)

.stab.exclstr
 *(.stab.exclstr)

.stab.index
 *(.stab.index)

.stab.indexstr
 *(.stab.indexstr)

.comment
 *(.comment)

.debug
 *(.debug)

.line
 *(.line)

.debug_srcinfo
 *(.debug_srcinfo)

.debug_sfnames
 *(.debug_sfnames)

.debug_aranges  0x00000000       0xa0
 *(.debug_aranges)
 .debug_aranges
                0x00000000       0x20 main.o
 .debug_aranges
                0x00000020       0x20 onewire.o
 .debug_aranges
                0x00000040       0x20 ds18x20.o
 .debug_aranges
                0x00000060       0x20 uart.o
 .debug_aranges
                0x00000080       0x20 crc8.o

.debug_pubnames
                0x00000000      0x37b
 *(.debug_pubnames)
 .debug_pubnames
                0x00000000       0x4f main.o
 .debug_pubnames
                0x0000004f       0xb2 onewire.o
 .debug_pubnames
                0x00000101      0x1ab ds18x20.o
 .debug_pubnames
                0x000002ac       0xb4 uart.o
 .debug_pubnames
                0x00000360       0x1b crc8.o

.debug_info     0x00000000     0x1663
 *(.debug_info)
 .debug_info    0x00000000      0x5d3 main.o
 .debug_info    0x000005d3      0x4f9 onewire.o
 .debug_info    0x00000acc      0x727 ds18x20.o
 .debug_info    0x000011f3      0x375 uart.o
 .debug_info    0x00001568       0xfb crc8.o
 *(.gnu.linkonce.wi.*)

.debug_abbrev   0x00000000      0x756
 *(.debug_abbrev)
 .debug_abbrev  0x00000000      0x1ef main.o
 .debug_abbrev  0x000001ef      0x166 onewire.o
 .debug_abbrev  0x00000355      0x21f ds18x20.o
 .debug_abbrev  0x00000574      0x15c uart.o
 .debug_abbrev  0x000006d0       0x86 crc8.o

.debug_line     0x00000000     0x139c
 *(.debug_line)
 .debug_line    0x00000000      0x57c main.o
 .debug_line    0x0000057c      0x359 onewire.o
 .debug_line    0x000008d5      0x737 ds18x20.o
 .debug_line    0x0000100c      0x288 uart.o
 .debug_line    0x00001294      0x108 crc8.o

.debug_frame    0x00000000      0x2c0
 *(.debug_frame)
 .debug_frame   0x00000000       0x40 main.o
 .debug_frame   0x00000040       0xa0 onewire.o
 .debug_frame   0x000000e0      0x110 ds18x20.o
 .debug_frame   0x000001f0       0xb0 uart.o
 .debug_frame   0x000002a0       0x20 crc8.o

.debug_str      0x00000000      0x5f6
 *(.debug_str)
 .debug_str     0x00000000      0x21a main.o
                                0x266 (size before relaxing)
 .debug_str     0x0000021a       0xb2 onewire.o
                                0x19d (size before relaxing)
 .debug_str     0x000002cc      0x1bc ds18x20.o
                                0x2d5 (size before relaxing)
 .debug_str     0x00000488      0x11e uart.o
                                0x1ce (size before relaxing)
 .debug_str     0x000005a6       0x50 crc8.o
                                 0xf9 (size before relaxing)

.debug_loc      0x00000000      0xd34
 *(.debug_loc)
 .debug_loc     0x00000000      0x2c8 main.o
 .debug_loc     0x000002c8      0x1ca onewire.o
 .debug_loc     0x00000492      0x6ad ds18x20.o
 .debug_loc     0x00000b3f      0x1a5 uart.o
 .debug_loc     0x00000ce4       0x50 crc8.o

.debug_macinfo
 *(.debug_macinfo)
OUTPUT(main.elf elf32-avr)
LOAD linker stubs

.debug_ranges   0x00000000       0x48
 .debug_ranges  0x00000000       0x48 main.o

Cross Reference Table

Symbol                                            File
DS18X20_copy_scratchpad                           ds18x20.o
                                                  main.o
DS18X20_find_sensor                               ds18x20.o
                                                  main.o
DS18X20_get_power_status                          ds18x20.o
                                                  main.o
DS18X20_meas_to_cel                               ds18x20.o
DS18X20_read_meas                                 ds18x20.o
                                                  main.o
DS18X20_read_meas_all_verbose                     ds18x20.o
                                                  main.o
DS18X20_read_meas_single                          ds18x20.o
                                                  main.o
DS18X20_read_scratchpad                           ds18x20.o
                                                  main.o
DS18X20_recall_E2                                 ds18x20.o
                                                  main.o
DS18X20_show_id_uart                              ds18x20.o
                                                  main.o
DS18X20_start_meas                                ds18x20.o
                                                  main.o
DS18X20_temp_cmp                                  ds18x20.o
DS18X20_temp_to_decicel                           ds18x20.o
                                                  main.o
DS18X20_uart_put_temp                             ds18x20.o
DS18X20_write_scratchpad                          ds18x20.o
                                                  main.o
__bad_interrupt                                   /usr/lib/gcc/avr/4.4.2/../../../../avr/lib/avr4/crtm8.o
__bss_end                                         /usr/lib/gcc/avr/4.4.2/avr4/libgcc.a(_clear_bss.o)
__bss_start                                       /usr/lib/gcc/avr/4.4.2/avr4/libgcc.a(_clear_bss.o)
__data_end                                        /usr/lib/gcc/avr/4.4.2/avr4/libgcc.a(_copy_data.o)
__data_load_start                                 /usr/lib/gcc/avr/4.4.2/avr4/libgcc.a(_copy_data.o)
__data_start                                      /usr/lib/gcc/avr/4.4.2/avr4/libgcc.a(_copy_data.o)
__divmodhi4                                       /usr/lib/gcc/avr/4.4.2/avr4/libgcc.a(_divmodhi4.o)
                                                  ds18x20.o
__do_clear_bss                                    /usr/lib/gcc/avr/4.4.2/avr4/libgcc.a(_clear_bss.o)
                                                  crc8.o
                                                  uart.o
                                                  ds18x20.o
                                                  onewire.o
                                                  main.o
__do_copy_data                                    /usr/lib/gcc/avr/4.4.2/avr4/libgcc.a(_copy_data.o)
                                                  crc8.o
                                                  uart.o
                                                  ds18x20.o
                                                  onewire.o
                                                  main.o
__heap_end                                        /usr/lib/gcc/avr/4.4.2/../../../../avr/lib/avr4/crtm8.o
__init                                            /usr/lib/gcc/avr/4.4.2/../../../../avr/lib/avr4/crtm8.o
__stack                                           /usr/lib/gcc/avr/4.4.2/../../../../avr/lib/avr4/crtm8.o
__udivmodhi4                                      /usr/lib/gcc/avr/4.4.2/avr4/libgcc.a(_udivmodhi4.o)
                                                  /usr/lib/gcc/avr/4.4.2/../../../../avr/lib/avr4/libc.a(itoa.o)
                                                  /usr/lib/gcc/avr/4.4.2/avr4/libgcc.a(_divmodhi4.o)
                                                  main.o
__vector_1                                        /usr/lib/gcc/avr/4.4.2/../../../../avr/lib/avr4/crtm8.o
__vector_10                                       /usr/lib/gcc/avr/4.4.2/../../../../avr/lib/avr4/crtm8.o
__vector_11                                       uart.o
                                                  /usr/lib/gcc/avr/4.4.2/../../../../avr/lib/avr4/crtm8.o
__vector_12                                       uart.o
                                                  /usr/lib/gcc/avr/4.4.2/../../../../avr/lib/avr4/crtm8.o
__vector_13                                       /usr/lib/gcc/avr/4.4.2/../../../../avr/lib/avr4/crtm8.o
__vector_14                                       /usr/lib/gcc/avr/4.4.2/../../../../avr/lib/avr4/crtm8.o
__vector_15                                       /usr/lib/gcc/avr/4.4.2/../../../../avr/lib/avr4/crtm8.o
__vector_16                                       /usr/lib/gcc/avr/4.4.2/../../../../avr/lib/avr4/crtm8.o
__vector_17                                       /usr/lib/gcc/avr/4.4.2/../../../../avr/lib/avr4/crtm8.o
__vector_18                                       /usr/lib/gcc/avr/4.4.2/../../../../avr/lib/avr4/crtm8.o
__vector_2                                        /usr/lib/gcc/avr/4.4.2/../../../../avr/lib/avr4/crtm8.o
__vector_3                                        /usr/lib/gcc/avr/4.4.2/../../../../avr/lib/avr4/crtm8.o
__vector_4                                        /usr/lib/gcc/avr/4.4.2/../../../../avr/lib/avr4/crtm8.o
__vector_5                                        /usr/lib/gcc/avr/4.4.2/../../../../avr/lib/avr4/crtm8.o
__vector_6                                        /usr/lib/gcc/avr/4.4.2/../../../../avr/lib/avr4/crtm8.o
__vector_7                                        /usr/lib/gcc/avr/4.4.2/../../../../avr/lib/avr4/crtm8.o
__vector_8                                        /usr/lib/gcc/avr/4.4.2/../../../../avr/lib/avr4/crtm8.o
__vector_9                                        /usr/lib/gcc/avr/4.4.2/../../../../avr/lib/avr4/crtm8.o
__vector_default                                  /usr/lib/gcc/avr/4.4.2/../../../../avr/lib/avr4/crtm8.o
__vectors                                         /usr/lib/gcc/avr/4.4.2/../../../../avr/lib/avr4/crtm8.o
_div                                              /usr/lib/gcc/avr/4.4.2/avr4/libgcc.a(_divmodhi4.o)
_exit                                             /usr/lib/gcc/avr/4.4.2/avr4/libgcc.a(_exit.o)
crc8                                              crc8.o
                                                  ds18x20.o
exit                                              /usr/lib/gcc/avr/4.4.2/avr4/libgcc.a(_exit.o)
                                                  /usr/lib/gcc/avr/4.4.2/../../../../avr/lib/avr4/crtm8.o
gSensorIDs                                        main.o
itoa                                              /usr/lib/gcc/avr/4.4.2/../../../../avr/lib/avr4/libc.a(itoa.o)
                                                  uart.o
                                                  ds18x20.o
                                                  main.o
main                                              main.o
                                                  /usr/lib/gcc/avr/4.4.2/../../../../avr/lib/avr4/crtm8.o
ow_bit_io                                         onewire.o
                                                  ds18x20.o
ow_byte_rd                                        onewire.o
                                                  ds18x20.o
ow_byte_wr                                        onewire.o
                                                  ds18x20.o
ow_command                                        onewire.o
                                                  ds18x20.o
ow_input_pin_state                                onewire.o
                                                  ds18x20.o
ow_parasite_disable                               onewire.o
                                                  ds18x20.o
ow_parasite_enable                                onewire.o
                                                  ds18x20.o
ow_reset                                          onewire.o
                                                  ds18x20.o
ow_rom_search                                     onewire.o
                                                  ds18x20.o
search_sensors                                    main.o
show_sp_uart                                      ds18x20.o
strrev                                            /usr/lib/gcc/avr/4.4.2/../../../../avr/lib/avr4/libc.a(strrev.o)
                                                  /usr/lib/gcc/avr/4.4.2/../../../../avr/lib/avr4/libc.a(itoa.o)
uart_getc                                         uart.o
uart_init                                         uart.o
                                                  main.o
uart_put_temp                                     main.o
uart_putc                                         uart.o
                                                  ds18x20.o
                                                  main.o
uart_puthex_byte                                  uart.o
                                                  ds18x20.o
uart_puthex_nibble                                uart.o
uart_puti                                         uart.o
                                                  ds18x20.o
                                                  main.o
uart_puts                                         uart.o
                                                  ds18x20.o
                                                  main.o
uart_puts_p                                       uart.o
                                                  ds18x20.o
                                                  main.o
